------------------------------------------------------------
TimeQuest Timing Analyzer Summary
------------------------------------------------------------

Type  : Slow 1100mV 85C Model Setup 'clickcount[0]'
Slack : -8.085
TNS   : -278.692

Type  : Slow 1100mV 85C Model Setup 'SW[8]'
Slack : -5.352
TNS   : -15.318

Type  : Slow 1100mV 85C Model Setup 'CLOCK_50'
Slack : -4.453
TNS   : -125.611

Type  : Slow 1100mV 85C Model Hold 'CLOCK_50'
Slack : 0.437
TNS   : 0.000

Type  : Slow 1100mV 85C Model Hold 'SW[8]'
Slack : 0.453
TNS   : 0.000

Type  : Slow 1100mV 85C Model Hold 'clickcount[0]'
Slack : 0.699
TNS   : 0.000

Type  : Slow 1100mV 85C Model Minimum Pulse Width 'SW[8]'
Slack : -1.268
TNS   : -8.251

Type  : Slow 1100mV 85C Model Minimum Pulse Width 'CLOCK_50'
Slack : -0.538
TNS   : -22.289

Type  : Slow 1100mV 85C Model Minimum Pulse Width 'clickcount[0]'
Slack : 0.303
TNS   : 0.000

Type  : Slow 1100mV 0C Model Setup 'clickcount[0]'
Slack : -7.820
TNS   : -272.452

Type  : Slow 1100mV 0C Model Setup 'SW[8]'
Slack : -5.161
TNS   : -14.971

Type  : Slow 1100mV 0C Model Setup 'CLOCK_50'
Slack : -4.340
TNS   : -122.722

Type  : Slow 1100mV 0C Model Hold 'SW[8]'
Slack : 0.244
TNS   : 0.000

Type  : Slow 1100mV 0C Model Hold 'CLOCK_50'
Slack : 0.448
TNS   : 0.000

Type  : Slow 1100mV 0C Model Hold 'clickcount[0]'
Slack : 0.663
TNS   : 0.000

Type  : Slow 1100mV 0C Model Minimum Pulse Width 'SW[8]'
Slack : -1.330
TNS   : -9.058

Type  : Slow 1100mV 0C Model Minimum Pulse Width 'CLOCK_50'
Slack : -0.538
TNS   : -22.873

Type  : Slow 1100mV 0C Model Minimum Pulse Width 'clickcount[0]'
Slack : 0.392
TNS   : 0.000

Type  : Fast 1100mV 85C Model Setup 'SW[8]'
Slack : -3.887
TNS   : -10.684

Type  : Fast 1100mV 85C Model Setup 'clickcount[0]'
Slack : -3.676
TNS   : -118.911

Type  : Fast 1100mV 85C Model Setup 'CLOCK_50'
Slack : -2.044
TNS   : -58.046

Type  : Fast 1100mV 85C Model Hold 'CLOCK_50'
Slack : 0.199
TNS   : 0.000

Type  : Fast 1100mV 85C Model Hold 'SW[8]'
Slack : 0.318
TNS   : 0.000

Type  : Fast 1100mV 85C Model Hold 'clickcount[0]'
Slack : 0.385
TNS   : 0.000

Type  : Fast 1100mV 85C Model Minimum Pulse Width 'SW[8]'
Slack : -0.885
TNS   : -5.036

Type  : Fast 1100mV 85C Model Minimum Pulse Width 'CLOCK_50'
Slack : -0.093
TNS   : -2.669

Type  : Fast 1100mV 85C Model Minimum Pulse Width 'clickcount[0]'
Slack : 0.393
TNS   : 0.000

Type  : Fast 1100mV 0C Model Setup 'clickcount[0]'
Slack : -3.328
TNS   : -108.525

Type  : Fast 1100mV 0C Model Setup 'SW[8]'
Slack : -3.231
TNS   : -8.888

Type  : Fast 1100mV 0C Model Setup 'CLOCK_50'
Slack : -1.798
TNS   : -51.056

Type  : Fast 1100mV 0C Model Hold 'CLOCK_50'
Slack : 0.188
TNS   : 0.000

Type  : Fast 1100mV 0C Model Hold 'SW[8]'
Slack : 0.282
TNS   : 0.000

Type  : Fast 1100mV 0C Model Hold 'clickcount[0]'
Slack : 0.329
TNS   : 0.000

Type  : Fast 1100mV 0C Model Minimum Pulse Width 'SW[8]'
Slack : -0.812
TNS   : -4.440

Type  : Fast 1100mV 0C Model Minimum Pulse Width 'CLOCK_50'
Slack : -0.094
TNS   : -2.698

Type  : Fast 1100mV 0C Model Minimum Pulse Width 'clickcount[0]'
Slack : 0.418
TNS   : 0.000

------------------------------------------------------------
